// Jest Snapshot v1, https://goo.gl/fbAQLP

exports[`code.md 1`] = `
> NOTE: To use \`unobtrusive\`, \`unobtrusive/import\`, \`unobtrusive/react\`, and \`unobtrusive/flowtype\` together, your eslint config would look like this:
>\`\`\`json
>{
>  "extends": [
>    "unobtrusive",
>    "unobtrusive/import",
>    "unobtrusive/react",
>    "unobtrusive/flowtype"
>  ],
>  "env": {
>    "browser": true
>  }
>}
>\`\`\`
~~~~~~~~~~~~~~~~~~~~~~~~~~~~~~~~~~~~~~~~~~~~~~~~~~~~~~~~~~~~~~~~~~~~~~~~~~~~~~~~
> NOTE: To use \`unobtrusive\`, \`unobtrusive/import\`, \`unobtrusive/react\`, and
> \`unobtrusive/flowtype\` together, your eslint config would look like this:
>
> \`\`\`json
> {
>   "extends": [
>     "unobtrusive",
>     "unobtrusive/import",
>     "unobtrusive/react",
>     "unobtrusive/flowtype"
>   ],
>   "env": {
>     "browser": true
>   }
> }
> \`\`\`

`;

exports[`ignore-code.md 1`] = `
> \`\`\`\`md
> <!-- starfire-ignore -->
> \`\`\`js
> ugly   ( code ) ;
> \`\`\`
> \`\`\`\`

> \`\`\`md
> <!-- starfire-ignore -->
> - This is a long long
>   long long long long
>   long long paragraph.
> \`\`\`

> - test
>   \`\`\`md
>   <!-- starfire-ignore -->
>   - This is a long long
>     long long long long
>     long long paragraph.
>   \`\`\`

\`\`\`\`md
> \`\`\`md
> <!-- starfire-ignore -->
> - This is a long long
>   long long long long
>   long long paragraph.
> \`\`\`
\`\`\`\`

> \`\`\`\`md
> > \`\`\`md
> > <!-- starfire-ignore -->
> > - This is a long long
> >   long long long long
> >   long long paragraph.
> > \`\`\`
> \`\`\`\`

>
> <!-- starfire-ignore -->
> - This is a long long
>   long long long long
>   long long paragraph.
>

> \`\`\`\`js
> // starfire-ignore
> const x = 1,
> b = 2
> \`\`\`\`
~~~~~~~~~~~~~~~~~~~~~~~~~~~~~~~~~~~~~~~~~~~~~~~~~~~~~~~~~~~~~~~~~~~~~~~~~~~~~~~~
> \`\`\`\`md
> <!-- starfire-ignore -->
> \`\`\`js
> ugly   ( code ) ;
> \`\`\`
> \`\`\`\`

> \`\`\`md
> <!-- starfire-ignore -->
> - This is a long long
>   long long long long
>   long long paragraph.
> \`\`\`

> * test
>   \`\`\`md
>   <!-- starfire-ignore -->
>   - This is a long long
>     long long long long
>     long long paragraph.
>   \`\`\`

\`\`\`\`md
> \`\`\`md
> <!-- starfire-ignore -->
> - This is a long long
>   long long long long
>   long long paragraph.
> \`\`\`
\`\`\`\`

> \`\`\`\`md
> > \`\`\`md
> > <!-- starfire-ignore -->
> > - This is a long long
> >   long long long long
> >   long long paragraph.
> > \`\`\`
> \`\`\`\`

> <!-- starfire-ignore -->
> - This is a long long
>   long long long long
>   long long paragraph.

> \`\`\`js
> // starfire-ignore
> const x = 1,
> b = 2
> \`\`\`

`;

exports[`nested.md 1`] = `
>>> 123
~~~~~~~~~~~~~~~~~~~~~~~~~~~~~~~~~~~~~~~~~~~~~~~~~~~~~~~~~~~~~~~~~~~~~~~~~~~~~~~~
> > > 123

`;

exports[`paragraph.md 1`] = `
> This is a long long long long long long long long long long long long long long long paragraph.
> This is a long long long long long long long long long long long long long long long paragraph.
~~~~~~~~~~~~~~~~~~~~~~~~~~~~~~~~~~~~~~~~~~~~~~~~~~~~~~~~~~~~~~~~~~~~~~~~~~~~~~~~
> This is a long long long long long long long long long long long long long
> long long paragraph. This is a long long long long long long long long long
> long long long long long long paragraph.

`;

exports[`simple.md 1`] = `
> 123
~~~~~~~~~~~~~~~~~~~~~~~~~~~~~~~~~~~~~~~~~~~~~~~~~~~~~~~~~~~~~~~~~~~~~~~~~~~~~~~~
> 123

`;
